// Jest Snapshot v1, https://jestjs.io/docs/snapshot-testing

exports[`Snapshot 1`] = `
{
  "Parameters": {
    "BootstrapVersion": {
      "Default": "/cdk-bootstrap/hnb659fds/version",
      "Description": "Version of the CDK Bootstrap resources in this environment, automatically retrieved from SSM Parameter Store. [cdk:skip]",
      "Type": "AWS::SSM::Parameter::Value<String>",
    },
  },
  "Resources": {
    "PermissionSetpermissionSetAssignmentassignmentBF53D72E": {
      "Properties": {
        "InstanceArn": "arn:aws:sso:::instance/ssoins-1234567891234567",
        "PermissionSetArn": {
          "Fn::GetAtt": [
            "PermissionSetpermissionSetEB39BD79",
            "PermissionSetArn",
          ],
        },
        "PrincipalId": "12350630-0ae9-479a-97c2-0afc2d5b4eac",
        "PrincipalType": "GROUP",
        "TargetId": "344567890123456",
        "TargetType": "AWS_ACCOUNT",
      },
      "Type": "AWS::SSO::Assignment",
    },
    "PermissionSetpermissionSetEB39BD79": {
      "Properties": {
        "CustomerManagedPolicyReferences": [
          {
            "Name": "TestPolicy",
            "Path": "/",
          },
        ],
        "Description": "Test Permission Set",
        "InlinePolicy": {
          "Statement": [
            {
              "Action": "rds:*",
              "Effect": "Allow",
              "Resource": "*",
            },
          ],
          "Version": "2012-10-17",
        },
        "InstanceArn": "arn:aws:sso:::instance/ssoins-1234567891234567",
        "ManagedPolicies": [
          {
            "Fn::Join": [
              "",
              [
                "arn:",
                {
                  "Ref": "AWS::Partition",
                },
                ":iam::aws:policy/AmazonRDSPerformanceInsightsReadOnly",
              ],
            ],
          },
        ],
        "Name": "TestPermissionSet",
        "PermissionsBoundary": {
          "ManagedPolicyArn": {
            "Fn::Join": [
              "",
              [
                "arn:",
                {
                  "Ref": "AWS::Partition",
                },
                ":iam::aws:policy/AmazonRDSPerformanceInsightsReadOnly",
              ],
            ],
          },
        },
        "RelayStateType": "https://us-east-1.console.aws.amazon.com/rds/home",
        "SessionDuration": "PT10H",
      },
      "Type": "AWS::SSO::PermissionSet",
    },
  },
  "Rules": {
    "CheckBootstrapVersion": {
      "Assertions": [
        {
          "Assert": {
            "Fn::Not": [
              {
                "Fn::Contains": [
                  [
                    "1",
                    "2",
                    "3",
                    "4",
                    "5",
                  ],
                  {
                    "Ref": "BootstrapVersion",
                  },
                ],
              },
            ],
          },
          "AssertDescription": "CDK bootstrap stack version 6 required. Please run 'cdk bootstrap' with a recent version of the CDK CLI.",
        },
      ],
    },
  },
}
`;
